
Map of Debug\bldc_sensorless.sm8 from link file Debug\bldc_sensorless.lkf - Sat Dec 09 22:40:35 2017


                               --------
                               Segments
                               --------

start 00008080 end 000080e9 length   105 segment .const
start 00008111 end 00008ecb length  3514 segment .text
start 00004000 end 00004000 length     0 segment .eeprom
start 00000000 end 00000020 length    32 segment .bsct, initialized
start 000080f1 end 00008111 length    32 segment .bsct, from
start 00000020 end 00000055 length    53 segment .ubsct
start 00000055 end 00000055 length     0 segment .bit
start 00000055 end 00000055 length     0 segment .share
start 00000100 end 00000100 length     0 segment .data
start 00000100 end 00000100 length     0 segment .bss
start 00000000 end 00000797 length  1943 segment .info.
start 00000000 end 0000a9cd length 43469 segment .debug
start 00008000 end 00008080 length   128 segment .const
start 000080e9 end 000080f1 length     8 segment .init


                               -------
                               Modules
                               -------

C:\Program Files (x86)\COSMIC\CXSTM8_32K\Lib\crtsi0.sm8:
start 00008111 end 0000815c length    75 section .text
start 00000100 end 00000100 length     0 section .bss
start 00000020 end 00000020 length     0 section .ubsct
start 00000000 end 0000002f length    47 section .info.

Debug\stm8s_adc2.o:
start ******** end ******** length     0 section .text *** removed ***
start 00000000 end 00000f1d length  3869 section .debug
start 0000002f end 000000b0 length   129 section .info.
start ******** end ******** length     0 section .const *** removed ***

Debug\stm8s_clk.o:
start ******** end ******** length     0 section .text *** removed ***
start 00000f1d end 0000258c length  5743 section .debug
start 000000b0 end 00000130 length   128 section .info.
start ******** end ******** length     0 section .const *** removed ***

Debug\stm8s_gpio.o:
start 0000815c end 00008272 length   278 section .text
start 0000258c end 00002f96 length  2570 section .debug
start 00000130 end 000001b1 length   129 section .info.
start 00008080 end 000080a8 length    40 section .const

Debug\stm8s_spi.o:
start 00008272 end 000085ab length   825 section .text
start 00002f96 end 00003ed2 length  3900 section .debug
start 000001b1 end 00000231 length   128 section .info.
start 000080a8 end 000080cf length    39 section .const

Debug\stm8s_tim1.o:
start ******** end ******** length     0 section .text *** removed ***
start 00003ed2 end 00007e5c length 16266 section .debug
start 00000231 end 000002b2 length   129 section .info.
start ******** end ******** length     0 section .const *** removed ***

Debug\stm8s_tim4.o:
start ******** end ******** length     0 section .text *** removed ***
start 00007e5c end 00008a13 length  2999 section .debug
start 000002b2 end 00000333 length   129 section .info.
start ******** end ******** length     0 section .const *** removed ***

Debug\application.o:
start 000085ab end 000086b9 length   270 section .text
start 00000000 end 00000006 length     6 section .bsct
start 00008a13 end 00008ffc length  1513 section .debug
start 00000333 end 000003b5 length   130 section .info.
start 000080cf end 000080dd length    14 section .const

Debug\control.o:
start 000086b9 end 00008be7 length  1326 section .text
start 00000006 end 00000017 length    17 section .bsct
start 00000020 end 0000004f length    47 section .ubsct
start 00008ffc end 00009d42 length  3398 section .debug
start 000003b5 end 00000433 length   126 section .info.
start 000080dd end 000080e9 length    12 section .const

Debug\main.o:
start 00008be7 end 00008d3d length   342 section .text
start ******** end ******** length     0 section .ubsct *** removed ***
start 00009d42 end 0000a08c length   842 section .debug
start 00000433 end 000004ae length   123 section .info.

Debug\stm8s_it.o:
start 00008d3d end 00008ecb length   398 section .text
start 00000017 end 00000020 length     9 section .bsct
start 0000a08c end 0000a8a7 length  2075 section .debug
start 000004ae end 0000052d length   127 section .info.

(C:\Program Files (x86)\COSMIC\CXSTM8_32K\Lib\libm0.sm8)lreg.o:
start ******** end ******** length     0 section .ubsct *** removed ***
start 0000052d end 0000055b length    46 section .info.

(C:\Program Files (x86)\COSMIC\CXSTM8_32K\Lib\libm0.sm8)ltor.o:
start ******** end ******** length     0 section .text *** removed ***
start 0000055b end 00000589 length    46 section .info.

(C:\Program Files (x86)\COSMIC\CXSTM8_32K\Lib\libm0.sm8)ludiv.o:
start ******** end ******** length     0 section .text *** removed ***
start 00000589 end 000005b8 length    47 section .info.

(C:\Program Files (x86)\COSMIC\CXSTM8_32K\Lib\libm0.sm8)ldiv.o:
start ******** end ******** length     0 section .text *** removed ***
start 000005b8 end 000005e6 length    46 section .info.

(C:\Program Files (x86)\COSMIC\CXSTM8_32K\Lib\libm0.sm8)lgneg.o:
start ******** end ******** length     0 section .text *** removed ***
start 000005e6 end 00000615 length    47 section .info.

(C:\Program Files (x86)\COSMIC\CXSTM8_32K\Lib\libm0.sm8)lneg.o:
start ******** end ******** length     0 section .text *** removed ***
start 00000615 end 00000643 length    46 section .info.

(C:\Program Files (x86)\COSMIC\CXSTM8_32K\Lib\libm0.sm8)rtol.o:
start ******** end ******** length     0 section .text *** removed ***
start 00000643 end 00000671 length    46 section .info.

(C:\Program Files (x86)\COSMIC\CXSTM8_32K\Lib\libm0.sm8)xreg.o:
start 0000004f end 00000052 length     3 section .ubsct
start 00000671 end 0000069f length    46 section .info.

(C:\Program Files (x86)\COSMIC\CXSTM8_32K\Lib\libm0.sm8)yreg.o:
start 00000052 end 00000055 length     3 section .ubsct
start 0000069f end 000006cd length    46 section .info.

Debug\stm8_interrupt_vector.o:
start 0000a8a7 end 0000a9cd length   294 section .debug
start 000006cd end 00000759 length   140 section .info.
start 00008000 end 00008080 length   128 section .const


                             -----------
                             Stack usage
                             -----------

Debug\application.o:
L331_AppStopToAlignment                10   (2)
L3_bldc_one_loop                       19   (11)
L522_bldc_open_loop                    25   (6)
_AppAlignment                      >    2   (2)
_AppCalib                          >   12   (2)
_AppFault                          >    2   (2)
_AppInit                           >    2   (2)
_AppRun                            >    2   (2)
_AppStart                          >   27   (2)
_AppStop                           >    2   (2)
_delay_ms                               8   (8)
_delay_us                               6   (6)
_function_test                     >   10   (2)
_get_adc                                6   (4)

Debug\control.o:
_AdcSwitch                              2   (2)
_AutoRunOne                             7   (2)
_BldcBak                           >    4   (2)
_BldcLik                                3   (3)
_BldcRun                                7   (2)
_CNT_AL_OUT_DIS                         2   (2)
_CNT_AL_OUT_EN                          2   (2)
_CNT_BL_OUT_DIS                         2   (2)
_CNT_BL_OUT_EN                          2   (2)
_CNT_CL_OUT_DIS                         2   (2)
_CNT_CL_OUT_EN                          2   (2)
_Check_BEMF_Voltage                     6   (4)
_CmdPwmSlow                             6   (2)
_DISP_Display                      >   15   (5)
_Key_Check                         >    2   (2)
_Led_Light                         >    2   (2)
_Nop                               >    3   (3)
_OffSixPin                              4   (2)
_Run_Ctl                           >    6   (2)
_SpeedRefAccDec                    >    2   (2)
_Timer1_CCR4_Value                      2   (2)
_Timer1_PWM_Value                       4   (4)
_TstAndSwit                             3   (3)
_bldc_run_onestep                       5   (3)

Debug\main.o:
_assert_failed                          6   (6)
_init_adc                               5   (5)
_init_clk                               2   (2)
_init_io                                2   (2)
_init_timer1                            6   (6)
_init_timer2                       >    2   (2)
_init_timer4                       >    2   (2)
_main                              >   29   (2)

Debug\stm8s_gpio.o:
_GPIO_DeInit                       >    2   (2)
_GPIO_ExternalPullUpConfig         >   12   (6)
_GPIO_Init                         >   12   (6)
_GPIO_ReadInputData                >    2   (2)
_GPIO_ReadInputPin                 >    5   (5)
_GPIO_ReadOutputData               >    2   (2)
_GPIO_Write                        >    5   (5)
_GPIO_WriteHigh                         5   (5)
_GPIO_WriteLow                          5   (5)
_GPIO_WriteReverse                 >    5   (5)

Debug\stm8s_it.o:
f_ADC2_IRQHandler                  >    5   (5)
f_AWU_IRQHandler                   >    5   (5)
f_CLK_IRQHandler                   >    5   (5)
f_EEPROM_EEC_IRQHandler            >    5   (5)
f_EXTI_PORTA_IRQHandler            >    5   (5)
f_EXTI_PORTB_IRQHandler            >    5   (5)
f_EXTI_PORTC_IRQHandler            >    5   (5)
f_EXTI_PORTD_IRQHandler            >    5   (5)
f_EXTI_PORTE_IRQHandler            >    5   (5)
f_I2C_IRQHandler                   >    5   (5)
f_NonHandledInterrupt              >    5   (5)
f_SPI_IRQHandler                   >    5   (5)
f_TIM1_CAP_COM_IRQHandler          >   20   (13)
f_TIM1_UPD_OVF_TRG_BRK_IRQHandler  >    5   (5)
f_TIM2_CAP_COM_IRQHandler          >    5   (5)
f_TIM2_UPD_OVF_BRK_IRQHandler      >    5   (5)
f_TIM3_CAP_COM_IRQHandler          >    5   (5)
f_TIM3_UPD_OVF_BRK_IRQHandler      >    5   (5)
f_TIM4_UPD_OVF_IRQHandler          >   20   (13)
f_TLI_IRQHandler                   >    5   (5)
f_TRAP_IRQHandler                  >    5   (5)
f_UART1_RX_IRQHandler              >    5   (5)
f_UART1_TX_IRQHandler              >    5   (5)
f_UART3_RX_IRQHandler              >    5   (5)
f_UART3_TX_IRQHandler              >    5   (5)

Debug\stm8s_spi.o:
_SPI_BiDirectionalLineConfig       >    9   (3)
_SPI_CalculateCRCCmd                    9   (3)
_SPI_ClearFlag                     >    9   (3)
_SPI_ClearITPendingBit             >   10   (4)
_SPI_Cmd                                9   (3)
_SPI_DeInit                        >    2   (2)
_SPI_GetCRC                        >   10   (4)
_SPI_GetCRCPolynomial              >    2   (2)
_SPI_GetFlagStatus                     10   (4)
_SPI_GetITStatus                   >   11   (5)
_SPI_ITConfig                      >   11   (5)
_SPI_Init                          >   17   (11)
_SPI_NSSInternalSoftwareCmd        >    9   (3)
_SPI_ReceiveData                   >    2   (2)
_SPI_ResetCRC                      >   11   (2)
_SPI_SendData                           2   (2)
_SPI_TransmitCRC                   >    2   (2)

Stack size: 49


                              ---------
                              Call tree
                              ---------
   1 > _AppAlignment: (2)

   2 > _AppCalib: (2)
   3      + L331_AppStopToAlignment: (2)
   4      |    + _CNT_AL_OUT_DIS: (2)
   5      |    + _CNT_AL_OUT_EN: (2)
   6      |    + _CNT_BL_OUT_DIS: (2)
   7      |    + _CNT_BL_OUT_EN: (2)
   8      |    + _CNT_CL_OUT_DIS: (2)
   9      |    + _Timer1_PWM_Value: (4)
  10      |    + _delay_ms: (8)
          | 
       
  11 > _AppFault: (2)

  12 > _AppInit: (2)

  13 > _AppRun: (2)

  14 > _AppStart: (2)
  15      + L522_bldc_open_loop: (6)
  16      |    + L3_bldc_one_loop: (11)
  17      |    |    + _Timer1_PWM_Value --> 9
  18      |    |    + _bldc_run_onestep: (3)
  19      |    |    |    + _CNT_AL_OUT_DIS --> 4
  20      |    |    |    + _CNT_AL_OUT_EN --> 5
  21      |    |    |    + _CNT_BL_OUT_DIS --> 6
  22      |    |    |    + _CNT_BL_OUT_EN --> 7
  23      |    |    |    + _CNT_CL_OUT_DIS --> 8
  24      |    |    |    + _CNT_CL_OUT_EN: (2)
          |    |    | 
  25      |    |    + _delay_ms --> 10
  26      |    |    + _delay_us: (6)
  27      |    |    + _get_adc: (4)
  28      |    |    |    + _AdcSwitch: (2)
          |    |    | 
          |    | 
          | 
       
  29 > _AppStop: (2)

  30 > _BldcBak: (2)
  31      + _CNT_AL_OUT_EN --> 5
  32      + _CNT_BL_OUT_EN --> 7
  33      + _CNT_CL_OUT_EN --> 24
       
  34 > _DISP_Display: (5)
  35      + _GPIO_WriteHigh: (5)
  36      + _GPIO_WriteLow: (5)
  37      + _SPI_GetFlagStatus: (4)
  38      |    + _assert_failed: (6)
          | 
  39      + _SPI_SendData: (2)
       
  40 > _GPIO_DeInit: (2)

  41 > _GPIO_ExternalPullUpConfig: (6)
  42      + _assert_failed --> 38
       
  43 > _GPIO_Init: (6)
  44      + _assert_failed --> 38
       
  45 > _GPIO_ReadInputData: (2)

  46 > _GPIO_ReadInputPin: (5)

  47 > _GPIO_ReadOutputData: (2)

  48 > _GPIO_Write: (5)

  49 > _GPIO_WriteReverse: (5)

  50 > _Key_Check: (2)

  51 > _Led_Light: (2)

  52 > _Nop: (3)

  53 > _Run_Ctl: (2)
  54      + _CNT_AL_OUT_DIS --> 4
  55      + _CNT_AL_OUT_EN --> 5
  56      + _CNT_BL_OUT_DIS --> 6
  57      + _CNT_BL_OUT_EN --> 7
  58      + _CNT_CL_OUT_DIS --> 8
  59      + _CNT_CL_OUT_EN --> 24
  60      + _OffSixPin: (2)
  61      |    + _CNT_AL_OUT_DIS --> 4
  62      |    + _CNT_BL_OUT_DIS --> 6
  63      |    + _CNT_CL_OUT_DIS --> 8
          | 
  64      + _Timer1_CCR4_Value: (2)
  65      + _Timer1_PWM_Value --> 9
       
  66 > _SPI_BiDirectionalLineConfig: (3)
  67      + _assert_failed --> 38
       
  68 > _SPI_ClearFlag: (3)
  69      + _assert_failed --> 38
       
  70 > _SPI_ClearITPendingBit: (4)
  71      + _assert_failed --> 38
       
  72 > _SPI_DeInit: (2)

  73 > _SPI_GetCRC: (4)
  74      + _assert_failed --> 38
       
  75 > _SPI_GetCRCPolynomial: (2)

  76 > _SPI_GetITStatus: (5)
  77      + _assert_failed --> 38
       
  78 > _SPI_ITConfig: (5)
  79      + _assert_failed --> 38
       
  80 > _SPI_Init: (11)
  81      + _assert_failed --> 38
       
  82 > _SPI_NSSInternalSoftwareCmd: (3)
  83      + _assert_failed --> 38
       
  84 > _SPI_ReceiveData: (2)

  85 > _SPI_ResetCRC: (2)
  86      + _SPI_CalculateCRCCmd: (3)
  87      |    + _assert_failed --> 38
          | 
  88      + _SPI_Cmd: (3)
  89      |    + _assert_failed --> 38
          | 
       
  90 > _SPI_TransmitCRC: (2)

  91 > _SpeedRefAccDec: (2)

  92 > __stext: (0)

  93 > _function_test: (2)
  94      + _delay_ms --> 10
       
  95 > _init_timer2: (2)

  96 > _init_timer4: (2)

  97 > _main: (2)
  98      + [_AppAlignment] --> 1
  99      + [_AppCalib] --> 2
 100      + [_AppFault] --> 11
 101      + [_AppInit] --> 12
 102      + [_AppRun] --> 13
 103      + [_AppStart] --> 14
 104      + [_AppStop] --> 29
 105      + _init_adc: (5)
 106      + _init_clk: (2)
 107      + _init_io: (2)
 108      + _init_timer1: (6)
       
 109 > f_ADC2_IRQHandler: (5)

 110 > f_AWU_IRQHandler: (5)

 111 > f_CLK_IRQHandler: (5)

 112 > f_EEPROM_EEC_IRQHandler: (5)

 113 > f_EXTI_PORTA_IRQHandler: (5)

 114 > f_EXTI_PORTB_IRQHandler: (5)

 115 > f_EXTI_PORTC_IRQHandler: (5)

 116 > f_EXTI_PORTD_IRQHandler: (5)

 117 > f_EXTI_PORTE_IRQHandler: (5)

 118 > f_I2C_IRQHandler: (5)

 119 > f_NonHandledInterrupt: (5)

 120 > f_SPI_IRQHandler: (5)

 121 > f_TIM1_CAP_COM_IRQHandler: (13)
 122      + _AdcSwitch --> 28
 123      + _BldcLik: (3)
 124      + _BldcRun: (2)
 125      |    + _TstAndSwit: (3)
 126      |    + _bldc_run_onestep --> 18
          | 
 127      + _Check_BEMF_Voltage: (4)
 128      |    + _AdcSwitch --> 28
          | 
       
 129 > f_TIM1_UPD_OVF_TRG_BRK_IRQHandler: (5)

 130 > f_TIM2_CAP_COM_IRQHandler: (5)

 131 > f_TIM2_UPD_OVF_BRK_IRQHandler: (5)

 132 > f_TIM3_CAP_COM_IRQHandler: (5)

 133 > f_TIM3_UPD_OVF_BRK_IRQHandler: (5)

 134 > f_TIM4_UPD_OVF_IRQHandler: (13)
 135      + _AutoRunOne: (2)
 136      |    + _bldc_run_onestep --> 18
          | 
 137      + _BldcRun --> 124
 138      + _Check_BEMF_Voltage --> 127
 139      + _CmdPwmSlow: (2)
 140      |    + _Timer1_PWM_Value --> 9
          | 
 141      + _Timer1_PWM_Value --> 9
 142      + _bldc_run_onestep --> 18
       
 143 > f_TLI_IRQHandler: (5)

 144 > f_TRAP_IRQHandler: (5)

 145 > f_UART1_RX_IRQHandler: (5)

 146 > f_UART1_TX_IRQHandler: (5)

 147 > f_UART3_RX_IRQHandler: (5)

 148 > f_UART3_TX_IRQHandler: (5)

 149   L331_AppStopToAlignment --> 3

 150   L3_bldc_one_loop --> 16

 151   L522_bldc_open_loop --> 15

 152   _AdcSwitch --> 28

 153   _AutoRunOne --> 135

 154   _BldcLik --> 123

 155   _BldcRun --> 124

 156   _CNT_AL_OUT_DIS --> 4

 157   _CNT_AL_OUT_EN --> 5

 158   _CNT_BL_OUT_DIS --> 6

 159   _CNT_BL_OUT_EN --> 7

 160   _CNT_CL_OUT_DIS --> 8

 161   _CNT_CL_OUT_EN --> 24

 162   _Check_BEMF_Voltage --> 127

 163   _CmdPwmSlow --> 139

 164   _GPIO_WriteHigh --> 35

 165   _GPIO_WriteLow --> 36

 166   _OffSixPin --> 60

 167   _SPI_CalculateCRCCmd --> 86

 168   _SPI_Cmd --> 88

 169   _SPI_GetFlagStatus --> 37

 170   _SPI_SendData --> 39

 171   _Timer1_CCR4_Value --> 64

 172   _Timer1_PWM_Value --> 9

 173   _TstAndSwit --> 125

 174   _assert_failed --> 38

 175   _bldc_run_onestep --> 18

 176   _delay_ms --> 10

 177   _delay_us --> 26

 178   _get_adc --> 27

 179   _init_adc --> 105

 180   _init_clk --> 106

 181   _init_io --> 107

 182   _init_timer1 --> 108



                               -------
                               Symbols
                               -------

_ADC2_ClearFlag                     ********   *** removed from Debug\stm8s_adc2.o ***
_ADC2_ClearITPendingBit             ********   *** removed from Debug\stm8s_adc2.o ***
_ADC2_Cmd                           ********   *** removed from Debug\stm8s_adc2.o ***
_ADC2_ConversionConfig              ********   *** removed from Debug\stm8s_adc2.o ***
_ADC2_DeInit                        ********   *** removed from Debug\stm8s_adc2.o ***
_ADC2_ExternalTriggerConfig         ********   *** removed from Debug\stm8s_adc2.o ***
_ADC2_GetConversionValue            ********   *** removed from Debug\stm8s_adc2.o ***
_ADC2_GetFlagStatus                 ********   *** removed from Debug\stm8s_adc2.o ***
_ADC2_GetITStatus                   ********   *** removed from Debug\stm8s_adc2.o ***
_ADC2_ITConfig                      ********   *** removed from Debug\stm8s_adc2.o ***
_ADC2_Init                          ********   *** removed from Debug\stm8s_adc2.o ***
_ADC2_PrescalerConfig               ********   *** removed from Debug\stm8s_adc2.o ***
_ADC2_SchmittTriggerConfig          ********   *** removed from Debug\stm8s_adc2.o ***
_ADC2_StartConversion               ********   *** removed from Debug\stm8s_adc2.o ***
_AdcSwitch                          000088f1   defined in Debug\control.o section .text
                                               used in Debug\application.o
                                                       Debug\stm8s_it.o
_AppAlignment                       00008686   defined in Debug\application.o section .text
_AppCalib                           0000867e   defined in Debug\application.o section .text
_AppFault                           00008694   defined in Debug\application.o section .text
_AppInit                            00008679   defined in Debug\application.o section .text
_AppRun                             00008692   defined in Debug\application.o section .text
_AppStart                           0000868b   defined in Debug\application.o section .text
_AppStateMachine                    000080cf   defined in Debug\application.o section .const
                                               used in Debug\main.o
_AppStop                            00008693   defined in Debug\application.o section .text
_AutoRunOne                         00008a62   defined in Debug\control.o section .text
                                               used in Debug\stm8s_it.o
_BldcBak                            0000877d   defined in Debug\control.o section .text
_BldcLik                            00008a06   defined in Debug\control.o section .text
                                               used in Debug\stm8s_it.o
_BldcRun                            00008a14   defined in Debug\control.o section .text
                                               used in Debug\stm8s_it.o
_CLKPrescTable                      ********   *** removed from Debug\stm8s_clk.o ***
_CLK_AdjustHSICalibrationValue      ********   *** removed from Debug\stm8s_clk.o ***
_CLK_CCOCmd                         ********   *** removed from Debug\stm8s_clk.o ***
_CLK_CCOConfig                      ********   *** removed from Debug\stm8s_clk.o ***
_CLK_ClearITPendingBit              ********   *** removed from Debug\stm8s_clk.o ***
_CLK_ClockSecuritySystemEnable      ********   *** removed from Debug\stm8s_clk.o ***
_CLK_ClockSwitchCmd                 ********   *** removed from Debug\stm8s_clk.o ***
_CLK_ClockSwitchConfig              ********   *** removed from Debug\stm8s_clk.o ***
_CLK_DeInit                         ********   *** removed from Debug\stm8s_clk.o ***
_CLK_FastHaltWakeUpCmd              ********   *** removed from Debug\stm8s_clk.o ***
_CLK_GetClockFreq                   ********   *** removed from Debug\stm8s_clk.o ***
_CLK_GetFlagStatus                  ********   *** removed from Debug\stm8s_clk.o ***
_CLK_GetITStatus                    ********   *** removed from Debug\stm8s_clk.o ***
_CLK_GetSYSCLKSource                ********   *** removed from Debug\stm8s_clk.o ***
_CLK_HSECmd                         ********   *** removed from Debug\stm8s_clk.o ***
_CLK_HSICmd                         ********   *** removed from Debug\stm8s_clk.o ***
_CLK_HSIPrescalerConfig             ********   *** removed from Debug\stm8s_clk.o ***
_CLK_ITConfig                       ********   *** removed from Debug\stm8s_clk.o ***
_CLK_LSICmd                         ********   *** removed from Debug\stm8s_clk.o ***
_CLK_PeripheralClockConfig          ********   *** removed from Debug\stm8s_clk.o ***
_CLK_SWIMConfig                     ********   *** removed from Debug\stm8s_clk.o ***
_CLK_SYSCLKConfig                   ********   *** removed from Debug\stm8s_clk.o ***
_CLK_SYSCLKEmergencyClear           ********   *** removed from Debug\stm8s_clk.o ***
_CLK_SlowActiveHaltWakeUpCmd        ********   *** removed from Debug\stm8s_clk.o ***
_CNT_AL_OUT_DIS                     000086c7   defined in Debug\control.o section .text
                                               used in Debug\application.o
_CNT_AL_OUT_EN                      000086b9   defined in Debug\control.o section .text
                                               used in Debug\application.o
_CNT_BL_OUT_DIS                     000086e3   defined in Debug\control.o section .text
                                               used in Debug\application.o
_CNT_BL_OUT_EN                      000086d5   defined in Debug\control.o section .text
                                               used in Debug\application.o
_CNT_CL_OUT_DIS                     000086ff   defined in Debug\control.o section .text
                                               used in Debug\application.o
_CNT_CL_OUT_EN                      000086f1   defined in Debug\control.o section .text
_Check_BEMF_Voltage                 00008902   defined in Debug\control.o section .text
                                               used in Debug\stm8s_it.o
_CmdPwmSlow                         00008812   defined in Debug\control.o section .text
                                               used in Debug\stm8s_it.o
_DISP_Display                       00008717   defined in Debug\control.o section .text
_DISP_TAB                           0000000a   defined in Debug\control.o section .bsct, initialized
_Error_code                         00000020   defined in Debug\control.o section .ubsct
                                               used in Debug\stm8s_it.o
_GPIO_DeInit                        0000815c   defined in Debug\stm8s_gpio.o section .text
_GPIO_ExternalPullUpConfig          00008233   defined in Debug\stm8s_gpio.o section .text
_GPIO_Init                          00008164   defined in Debug\stm8s_gpio.o section .text
_GPIO_ReadInputData                 00008229   defined in Debug\stm8s_gpio.o section .text
_GPIO_ReadInputPin                  0000822c   defined in Debug\stm8s_gpio.o section .text
_GPIO_ReadOutputData                00008227   defined in Debug\stm8s_gpio.o section .text
_GPIO_Write                         00008209   defined in Debug\stm8s_gpio.o section .text
_GPIO_WriteHigh                     00008211   defined in Debug\stm8s_gpio.o section .text
                                               used in Debug\control.o
_GPIO_WriteLow                      00008218   defined in Debug\stm8s_gpio.o section .text
                                               used in Debug\control.o
_GPIO_WriteReverse                  00008220   defined in Debug\stm8s_gpio.o section .text
_HSIDivFactor                       ********   *** removed from Debug\stm8s_clk.o ***
_KLST                               00000007   defined in Debug\control.o section .bsct, initialized
_KSTB                               00000008   defined in Debug\control.o section .bsct, initialized
_KSTBL                              00000009   defined in Debug\control.o section .bsct, initialized
_Key_Check                          000087ba   defined in Debug\control.o section .text
_Led_Light                          000088d5   defined in Debug\control.o section .text
_Nop                                0000870d   defined in Debug\control.o section .text
_OffSixPin                          00008768   defined in Debug\control.o section .text
_Run_Ctl                            0000882f   defined in Debug\control.o section .text
_SPI_BiDirectionalLineConfig        0000849c   defined in Debug\stm8s_spi.o section .text
_SPI_CalculateCRCCmd                00008445   defined in Debug\stm8s_spi.o section .text
_SPI_ClearFlag                      000084fb   defined in Debug\stm8s_spi.o section .text
_SPI_ClearITPendingBit              0000857d   defined in Debug\stm8s_spi.o section .text
_SPI_Cmd                            0000838f   defined in Debug\stm8s_spi.o section .text
_SPI_DeInit                         00008272   defined in Debug\stm8s_spi.o section .text
_SPI_GetCRC                         0000846a   defined in Debug\stm8s_spi.o section .text
_SPI_GetCRCPolynomial               00008498   defined in Debug\stm8s_spi.o section .text
_SPI_GetFlagStatus                  000084c1   defined in Debug\stm8s_spi.o section .text
                                               used in Debug\control.o
_SPI_GetITStatus                    0000851a   defined in Debug\stm8s_spi.o section .text
_SPI_ITConfig                       000083b4   defined in Debug\stm8s_spi.o section .text
_SPI_Init                           00008287   defined in Debug\stm8s_spi.o section .text
_SPI_NSSInternalSoftwareCmd         0000841b   defined in Debug\stm8s_spi.o section .text
_SPI_ReceiveData                    00008417   defined in Debug\stm8s_spi.o section .text
_SPI_ResetCRC                       0000848f   defined in Debug\stm8s_spi.o section .text
_SPI_SendData                       00008413   defined in Debug\stm8s_spi.o section .text
                                               used in Debug\control.o
_SPI_TransmitCRC                    00008440   defined in Debug\stm8s_spi.o section .text
_SpeedRefAccDec                     0000880a   defined in Debug\control.o section .text
_TIM1_ARRPreloadConfig              ********   *** removed from Debug\stm8s_tim1.o ***
_TIM1_BDTRConfig                    ********   *** removed from Debug\stm8s_tim1.o ***
_TIM1_CCPreloadControl              ********   *** removed from Debug\stm8s_tim1.o ***
_TIM1_CCxCmd                        ********   *** removed from Debug\stm8s_tim1.o ***
_TIM1_CCxNCmd                       ********   *** removed from Debug\stm8s_tim1.o ***
_TIM1_ClearFlag                     ********   *** removed from Debug\stm8s_tim1.o ***
_TIM1_ClearITPendingBit             ********   *** removed from Debug\stm8s_tim1.o ***
_TIM1_Cmd                           ********   *** removed from Debug\stm8s_tim1.o ***
_TIM1_CounterModeConfig             ********   *** removed from Debug\stm8s_tim1.o ***
_TIM1_CtrlPWMOutputs                ********   *** removed from Debug\stm8s_tim1.o ***
_TIM1_DeInit                        ********   *** removed from Debug\stm8s_tim1.o ***
_TIM1_ETRClockMode1Config           ********   *** removed from Debug\stm8s_tim1.o ***
_TIM1_ETRClockMode2Config           ********   *** removed from Debug\stm8s_tim1.o ***
_TIM1_ETRConfig                     ********   *** removed from Debug\stm8s_tim1.o ***
_TIM1_EncoderInterfaceConfig        ********   *** removed from Debug\stm8s_tim1.o ***
_TIM1_ForcedOC1Config               ********   *** removed from Debug\stm8s_tim1.o ***
_TIM1_ForcedOC2Config               ********   *** removed from Debug\stm8s_tim1.o ***
_TIM1_ForcedOC3Config               ********   *** removed from Debug\stm8s_tim1.o ***
_TIM1_ForcedOC4Config               ********   *** removed from Debug\stm8s_tim1.o ***
_TIM1_GenerateEvent                 ********   *** removed from Debug\stm8s_tim1.o ***
_TIM1_GetCapture1                   ********   *** removed from Debug\stm8s_tim1.o ***
_TIM1_GetCapture2                   ********   *** removed from Debug\stm8s_tim1.o ***
_TIM1_GetCapture3                   ********   *** removed from Debug\stm8s_tim1.o ***
_TIM1_GetCapture4                   ********   *** removed from Debug\stm8s_tim1.o ***
_TIM1_GetCounter                    ********   *** removed from Debug\stm8s_tim1.o ***
_TIM1_GetFlagStatus                 ********   *** removed from Debug\stm8s_tim1.o ***
_TIM1_GetITStatus                   ********   *** removed from Debug\stm8s_tim1.o ***
_TIM1_GetPrescaler                  ********   *** removed from Debug\stm8s_tim1.o ***
_TIM1_ICInit                        ********   *** removed from Debug\stm8s_tim1.o ***
_TIM1_ITConfig                      ********   *** removed from Debug\stm8s_tim1.o ***
_TIM1_InternalClockConfig           ********   *** removed from Debug\stm8s_tim1.o ***
_TIM1_OC1FastConfig                 ********   *** removed from Debug\stm8s_tim1.o ***
_TIM1_OC1Init                       ********   *** removed from Debug\stm8s_tim1.o ***
_TIM1_OC1NPolarityConfig            ********   *** removed from Debug\stm8s_tim1.o ***
_TIM1_OC1PolarityConfig             ********   *** removed from Debug\stm8s_tim1.o ***
_TIM1_OC1PreloadConfig              ********   *** removed from Debug\stm8s_tim1.o ***
_TIM1_OC2FastConfig                 ********   *** removed from Debug\stm8s_tim1.o ***
_TIM1_OC2Init                       ********   *** removed from Debug\stm8s_tim1.o ***
_TIM1_OC2NPolarityConfig            ********   *** removed from Debug\stm8s_tim1.o ***
_TIM1_OC2PolarityConfig             ********   *** removed from Debug\stm8s_tim1.o ***
_TIM1_OC2PreloadConfig              ********   *** removed from Debug\stm8s_tim1.o ***
_TIM1_OC3FastConfig                 ********   *** removed from Debug\stm8s_tim1.o ***
_TIM1_OC3Init                       ********   *** removed from Debug\stm8s_tim1.o ***
_TIM1_OC3NPolarityConfig            ********   *** removed from Debug\stm8s_tim1.o ***
_TIM1_OC3PolarityConfig             ********   *** removed from Debug\stm8s_tim1.o ***
_TIM1_OC3PreloadConfig              ********   *** removed from Debug\stm8s_tim1.o ***
_TIM1_OC4FastConfig                 ********   *** removed from Debug\stm8s_tim1.o ***
_TIM1_OC4Init                       ********   *** removed from Debug\stm8s_tim1.o ***
_TIM1_OC4PolarityConfig             ********   *** removed from Debug\stm8s_tim1.o ***
_TIM1_OC4PreloadConfig              ********   *** removed from Debug\stm8s_tim1.o ***
_TIM1_PWMIConfig                    ********   *** removed from Debug\stm8s_tim1.o ***
_TIM1_PrescalerConfig               ********   *** removed from Debug\stm8s_tim1.o ***
_TIM1_SelectCOM                     ********   *** removed from Debug\stm8s_tim1.o ***
_TIM1_SelectHallSensor              ********   *** removed from Debug\stm8s_tim1.o ***
_TIM1_SelectInputTrigger            ********   *** removed from Debug\stm8s_tim1.o ***
_TIM1_SelectMasterSlaveMode         ********   *** removed from Debug\stm8s_tim1.o ***
_TIM1_SelectOCxM                    ********   *** removed from Debug\stm8s_tim1.o ***
_TIM1_SelectOnePulseMode            ********   *** removed from Debug\stm8s_tim1.o ***
_TIM1_SelectOutputTrigger           ********   *** removed from Debug\stm8s_tim1.o ***
_TIM1_SelectSlaveMode               ********   *** removed from Debug\stm8s_tim1.o ***
_TIM1_SetAutoreload                 ********   *** removed from Debug\stm8s_tim1.o ***
_TIM1_SetCompare1                   ********   *** removed from Debug\stm8s_tim1.o ***
_TIM1_SetCompare2                   ********   *** removed from Debug\stm8s_tim1.o ***
_TIM1_SetCompare3                   ********   *** removed from Debug\stm8s_tim1.o ***
_TIM1_SetCompare4                   ********   *** removed from Debug\stm8s_tim1.o ***
_TIM1_SetCounter                    ********   *** removed from Debug\stm8s_tim1.o ***
_TIM1_SetIC1Prescaler               ********   *** removed from Debug\stm8s_tim1.o ***
_TIM1_SetIC2Prescaler               ********   *** removed from Debug\stm8s_tim1.o ***
_TIM1_SetIC3Prescaler               ********   *** removed from Debug\stm8s_tim1.o ***
_TIM1_SetIC4Prescaler               ********   *** removed from Debug\stm8s_tim1.o ***
_TIM1_TIxExternalClockConfig        ********   *** removed from Debug\stm8s_tim1.o ***
_TIM1_TimeBaseInit                  ********   *** removed from Debug\stm8s_tim1.o ***
_TIM1_UpdateDisableConfig           ********   *** removed from Debug\stm8s_tim1.o ***
_TIM1_UpdateRequestConfig           ********   *** removed from Debug\stm8s_tim1.o ***
_TIM4_ARRPreloadConfig              ********   *** removed from Debug\stm8s_tim4.o ***
_TIM4_ClearFlag                     ********   *** removed from Debug\stm8s_tim4.o ***
_TIM4_ClearITPendingBit             ********   *** removed from Debug\stm8s_tim4.o ***
_TIM4_Cmd                           ********   *** removed from Debug\stm8s_tim4.o ***
_TIM4_DeInit                        ********   *** removed from Debug\stm8s_tim4.o ***
_TIM4_GenerateEvent                 ********   *** removed from Debug\stm8s_tim4.o ***
_TIM4_GetCounter                    ********   *** removed from Debug\stm8s_tim4.o ***
_TIM4_GetFlagStatus                 ********   *** removed from Debug\stm8s_tim4.o ***
_TIM4_GetITStatus                   ********   *** removed from Debug\stm8s_tim4.o ***
_TIM4_GetPrescaler                  ********   *** removed from Debug\stm8s_tim4.o ***
_TIM4_ITConfig                      ********   *** removed from Debug\stm8s_tim4.o ***
_TIM4_PrescalerConfig               ********   *** removed from Debug\stm8s_tim4.o ***
_TIM4_SelectOnePulseMode            ********   *** removed from Debug\stm8s_tim4.o ***
_TIM4_SetAutoreload                 ********   *** removed from Debug\stm8s_tim4.o ***
_TIM4_SetCounter                    ********   *** removed from Debug\stm8s_tim4.o ***
_TIM4_TimeBaseInit                  ********   *** removed from Debug\stm8s_tim4.o ***
_TIM4_UpdateDisableConfig           ********   *** removed from Debug\stm8s_tim4.o ***
_TIM4_UpdateRequestConfig           ********   *** removed from Debug\stm8s_tim4.o ***
_Tab_StepFan                        000080dd   defined in Debug\control.o section .const
_Tab_StepZen                        000080e3   defined in Debug\control.o section .const
_Timer1_CCR4_Value                  00008792   defined in Debug\control.o section .text
_Timer1_PWM_Value                   0000879b   defined in Debug\control.o section .text
                                               used in Debug\application.o
                                                       Debug\stm8s_it.o
_TstAndSwit                         00008975   defined in Debug\control.o section .text
__endmem                            000013ff   defined in command file
                                               *** not used ***
__endzp                             00000055   defined in command file section .ubsct
                                               used in C:\Program Files (x86)\COSMIC\CXSTM8_32K\Lib\crtsi0.sm8
__idesc__                           000080e9   defined in linker section .init
                                               used in C:\Program Files (x86)\COSMIC\CXSTM8_32K\Lib\crtsi0.sm8
__memory                            00000100   defined in command file section .bss
                                               used in C:\Program Files (x86)\COSMIC\CXSTM8_32K\Lib\crtsi0.sm8
__stack                             000017ff   defined in command file
                                               used in C:\Program Files (x86)\COSMIC\CXSTM8_32K\Lib\crtsi0.sm8
__startmem                          00000100   defined in command file section .bss
                                               *** not used ***
__stext                             00008111   defined in C:\Program Files (x86)\COSMIC\CXSTM8_32K\Lib\crtsi0.sm8 section .text
                                               used in Debug\stm8_interrupt_vector.o
__vectab                            00008000   defined in Debug\stm8_interrupt_vector.o section .const
_adc_table                          ********   *** removed from Debug\main.o ***
_assert_failed                      00008d3b   defined in Debug\main.o section .text
                                               used in Debug\stm8s_adc2.o
                                                       Debug\stm8s_clk.o
                                                       Debug\stm8s_gpio.o
                                                       Debug\stm8s_spi.o
                                                       Debug\stm8s_tim1.o
                                                       Debug\stm8s_tim4.o
_bldc_run_onestep                   00008a81   defined in Debug\control.o section .text
                                               used in Debug\application.o
                                                       Debug\stm8s_it.o
_delay_ms                           000085d0   defined in Debug\application.o section .text
_delay_us                           000085c1   defined in Debug\application.o section .text
_exit                               0000815a   defined in C:\Program Files (x86)\COSMIC\CXSTM8_32K\Lib\crtsi0.sm8 section .text
_function_test                      00008695   defined in Debug\application.o section .text
_g_app_state                        00000000   defined in Debug\application.o section .bsct, initialized
                                               used in Debug\main.o
_g_direction                        00000006   defined in Debug\control.o section .bsct, initialized
_get_adc                            000085ab   defined in Debug\application.o section .text
_init_adc                           00008cde   defined in Debug\main.o section .text
_init_clk                           00008be7   defined in Debug\main.o section .text
_init_io                            00008c95   defined in Debug\main.o section .text
_init_timer1                        00008bec   defined in Debug\main.o section .text
_init_timer2                        00008c4d   defined in Debug\main.o section .text
_init_timer4                        00008c75   defined in Debug\main.o section .text
_main                               00008d1b   defined in Debug\main.o section .text
                                               used in C:\Program Files (x86)\COSMIC\CXSTM8_32K\Lib\crtsi0.sm8
_tBC_Param                          00000021   defined in Debug\control.o section .ubsct
                                               used in Debug\stm8s_it.o
c_divsl                             ********   *** removed from (C:\Program Files (x86)\COSMIC\CXSTM8_32K\Lib\libm0.sm8)ldiv.o ***
c_divul                             ********   *** removed from (C:\Program Files (x86)\COSMIC\CXSTM8_32K\Lib\libm0.sm8)ldiv.o ***
c_lgneg                             ********   *** removed from (C:\Program Files (x86)\COSMIC\CXSTM8_32K\Lib\libm0.sm8)lgneg.o ***
c_lneg                              ********   *** removed from (C:\Program Files (x86)\COSMIC\CXSTM8_32K\Lib\libm0.sm8)lneg.o ***
c_lreg                              ********   *** removed from (C:\Program Files (x86)\COSMIC\CXSTM8_32K\Lib\libm0.sm8)lreg.o ***
c_ltor                              ********   *** removed from (C:\Program Files (x86)\COSMIC\CXSTM8_32K\Lib\libm0.sm8)ltor.o ***
c_ludv                              ********   *** removed from (C:\Program Files (x86)\COSMIC\CXSTM8_32K\Lib\libm0.sm8)ludiv.o ***
c_rtol                              ********   *** removed from (C:\Program Files (x86)\COSMIC\CXSTM8_32K\Lib\libm0.sm8)rtol.o ***
c_x                                 0000004f   defined in (C:\Program Files (x86)\COSMIC\CXSTM8_32K\Lib\libm0.sm8)xreg.o section .ubsct
                                               used in C:\Program Files (x86)\COSMIC\CXSTM8_32K\Lib\crtsi0.sm8
                                                       Debug\stm8s_it.o
                                                       (C:\Program Files (x86)\COSMIC\CXSTM8_32K\Lib\libm0.sm8)ldiv.o
c_y                                 00000052   defined in (C:\Program Files (x86)\COSMIC\CXSTM8_32K\Lib\libm0.sm8)yreg.o section .ubsct
                                               used in C:\Program Files (x86)\COSMIC\CXSTM8_32K\Lib\crtsi0.sm8
                                                       Debug\stm8s_it.o
f_ADC2_IRQHandler                   00008dc9   defined in Debug\stm8s_it.o section .text
                                               used in Debug\stm8_interrupt_vector.o
f_AWU_IRQHandler                    00008d40   defined in Debug\stm8s_it.o section .text
                                               used in Debug\stm8_interrupt_vector.o
f_CLK_IRQHandler                    00008d41   defined in Debug\stm8s_it.o section .text
                                               used in Debug\stm8_interrupt_vector.o
f_EEPROM_EEC_IRQHandler             00008eca   defined in Debug\stm8s_it.o section .text
                                               used in Debug\stm8_interrupt_vector.o
f_EXTI_PORTA_IRQHandler             00008d42   defined in Debug\stm8s_it.o section .text
                                               used in Debug\stm8_interrupt_vector.o
f_EXTI_PORTB_IRQHandler             00008d43   defined in Debug\stm8s_it.o section .text
                                               used in Debug\stm8_interrupt_vector.o
f_EXTI_PORTC_IRQHandler             00008d44   defined in Debug\stm8s_it.o section .text
                                               used in Debug\stm8_interrupt_vector.o
f_EXTI_PORTD_IRQHandler             00008d45   defined in Debug\stm8s_it.o section .text
                                               used in Debug\stm8_interrupt_vector.o
f_EXTI_PORTE_IRQHandler             00008d46   defined in Debug\stm8s_it.o section .text
                                               used in Debug\stm8_interrupt_vector.o
f_I2C_IRQHandler                    00008dc6   defined in Debug\stm8s_it.o section .text
                                               used in Debug\stm8_interrupt_vector.o
f_NonHandledInterrupt               00008d3d   defined in Debug\stm8s_it.o section .text
                                               used in Debug\stm8_interrupt_vector.o
f_SPI_IRQHandler                    00008d47   defined in Debug\stm8s_it.o section .text
                                               used in Debug\stm8_interrupt_vector.o
f_TIM1_CAP_COM_IRQHandler           00008d51   defined in Debug\stm8s_it.o section .text
                                               used in Debug\stm8_interrupt_vector.o
f_TIM1_UPD_OVF_TRG_BRK_IRQHandler   00008d48   defined in Debug\stm8s_it.o section .text
                                               used in Debug\stm8_interrupt_vector.o
f_TIM2_CAP_COM_IRQHandler           00008dc1   defined in Debug\stm8s_it.o section .text
                                               used in Debug\stm8_interrupt_vector.o
f_TIM2_UPD_OVF_BRK_IRQHandler       00008dbc   defined in Debug\stm8s_it.o section .text
                                               used in Debug\stm8_interrupt_vector.o
f_TIM3_CAP_COM_IRQHandler           00008dc3   defined in Debug\stm8s_it.o section .text
                                               used in Debug\stm8_interrupt_vector.o
f_TIM3_UPD_OVF_BRK_IRQHandler       00008dc2   defined in Debug\stm8s_it.o section .text
                                               used in Debug\stm8_interrupt_vector.o
f_TIM4_UPD_OVF_IRQHandler           00008dca   defined in Debug\stm8s_it.o section .text
                                               used in Debug\stm8_interrupt_vector.o
f_TLI_IRQHandler                    00008d3f   defined in Debug\stm8s_it.o section .text
                                               used in Debug\stm8_interrupt_vector.o
f_TRAP_IRQHandler                   00008d3e   defined in Debug\stm8s_it.o section .text
                                               used in Debug\stm8_interrupt_vector.o
f_UART1_RX_IRQHandler               00008dc5   defined in Debug\stm8s_it.o section .text
                                               used in Debug\stm8_interrupt_vector.o
f_UART1_TX_IRQHandler               00008dc4   defined in Debug\stm8s_it.o section .text
                                               used in Debug\stm8_interrupt_vector.o
f_UART3_RX_IRQHandler               00008dc8   defined in Debug\stm8s_it.o section .text
                                               used in Debug\stm8_interrupt_vector.o
f_UART3_TX_IRQHandler               00008dc7   defined in Debug\stm8s_it.o section .text
                                               used in Debug\stm8_interrupt_vector.o
