
Map of Debug\bldc_sensorless.sm8 from link file Debug\bldc_sensorless.lkf - Sat Dec 23 02:25:39 2017


                               --------
                               Segments
                               --------

start 00008080 end 000080e9 length   105 segment .const
start 00008128 end 000093e5 length  4797 segment .text
start 00004000 end 00004000 length     0 segment .eeprom
start 00000000 end 00000037 length    55 segment .bsct, initialized
start 000080f1 end 00008128 length    55 segment .bsct, from
start 00000037 end 000000fc length   197 segment .ubsct
start 000000fc end 000000fc length     0 segment .bit
start 000000fc end 000000fc length     0 segment .share
start 00000100 end 00000100 length     0 segment .data
start 00000100 end 00000100 length     0 segment .bss
start 00000000 end 00000721 length  1825 segment .info.
start 00000000 end 0000b149 length 45385 segment .debug
start 00008000 end 00008080 length   128 segment .const
start 000080e9 end 000080f1 length     8 segment .init


                               -------
                               Modules
                               -------

C:\Program Files (x86)\COSMIC\CXSTM8_32K\Lib\crtsi0.sm8:
start 00008128 end 00008173 length    75 section .text
start 00000100 end 00000100 length     0 section .bss
start 00000037 end 00000037 length     0 section .ubsct
start 00000000 end 0000002f length    47 section .info.

Debug\stm8s_adc2.o:
start ******** end ******** length     0 section .text *** removed ***
start 00000000 end 00000f1d length  3869 section .debug
start 0000002f end 000000a1 length   114 section .info.
start ******** end ******** length     0 section .const *** removed ***

Debug\stm8s_clk.o:
start ******** end ******** length     0 section .text *** removed ***
start 00000f1d end 0000258c length  5743 section .debug
start 000000a1 end 00000112 length   113 section .info.
start ******** end ******** length     0 section .const *** removed ***

Debug\stm8s_gpio.o:
start 00008173 end 000082cf length   348 section .text
start 0000258c end 00002f96 length  2570 section .debug
start 00000112 end 00000184 length   114 section .info.
start 00008080 end 000080a8 length    40 section .const

Debug\stm8s_spi.o:
start 000082cf end 000086a9 length   986 section .text
start 00002f96 end 00003ed2 length  3900 section .debug
start 00000184 end 000001f5 length   113 section .info.
start 000080a8 end 000080cf length    39 section .const

Debug\stm8s_tim1.o:
start ******** end ******** length     0 section .text *** removed ***
start 00003ed2 end 00007e5c length 16266 section .debug
start 000001f5 end 00000267 length   114 section .info.
start ******** end ******** length     0 section .const *** removed ***

Debug\stm8s_tim4.o:
start ******** end ******** length     0 section .text *** removed ***
start 00007e5c end 00008a13 length  2999 section .debug
start 00000267 end 000002d9 length   114 section .info.
start ******** end ******** length     0 section .const *** removed ***

Debug\application.o:
start 000086a9 end 00008a97 length  1006 section .text
start 00000000 end 0000001d length    29 section .bsct
start 00000037 end 000000c7 length   144 section .ubsct
start 00008a13 end 00009809 length  3574 section .debug
start 000002d9 end 0000034c length   115 section .info.
start 000080cf end 000080dd length    14 section .const

Debug\control.o:
start 00008a97 end 0000925e length  1991 section .text
start 0000001d end 0000002e length    17 section .bsct
start 000000c7 end 000000f6 length    47 section .ubsct
start 00009809 end 0000a58a length  3457 section .debug
start 0000034c end 000003bb length   111 section .info.
start 000080dd end 000080e9 length    12 section .const

Debug\main.o:
start 0000925e end 0000934c length   238 section .text
start ******** end ******** length     0 section .ubsct *** removed ***
start 0000a58a end 0000a822 length   664 section .debug
start 000003bb end 00000427 length   108 section .info.

Debug\stm8s_it.o:
start 0000934c end 000093ba length   110 section .text
start 0000002e end 00000037 length     9 section .bsct
start 0000a822 end 0000b023 length  2049 section .debug
start 00000427 end 00000497 length   112 section .info.

(C:\Program Files (x86)\COSMIC\CXSTM8_32K\Lib\libm0.sm8)lreg.o:
start ******** end ******** length     0 section .ubsct *** removed ***
start 00000497 end 000004c5 length    46 section .info.

(C:\Program Files (x86)\COSMIC\CXSTM8_32K\Lib\libm0.sm8)ltor.o:
start ******** end ******** length     0 section .text *** removed ***
start 000004c5 end 000004f3 length    46 section .info.

(C:\Program Files (x86)\COSMIC\CXSTM8_32K\Lib\libm0.sm8)ludiv.o:
start ******** end ******** length     0 section .text *** removed ***
start 000004f3 end 00000522 length    47 section .info.

(C:\Program Files (x86)\COSMIC\CXSTM8_32K\Lib\libm0.sm8)ldiv.o:
start ******** end ******** length     0 section .text *** removed ***
start 00000522 end 00000550 length    46 section .info.

(C:\Program Files (x86)\COSMIC\CXSTM8_32K\Lib\libm0.sm8)lgneg.o:
start ******** end ******** length     0 section .text *** removed ***
start 00000550 end 0000057f length    47 section .info.

(C:\Program Files (x86)\COSMIC\CXSTM8_32K\Lib\libm0.sm8)lneg.o:
start ******** end ******** length     0 section .text *** removed ***
start 0000057f end 000005ad length    46 section .info.

(C:\Program Files (x86)\COSMIC\CXSTM8_32K\Lib\libm0.sm8)rtol.o:
start ******** end ******** length     0 section .text *** removed ***
start 000005ad end 000005db length    46 section .info.

(C:\Program Files (x86)\COSMIC\CXSTM8_32K\Lib\libm0.sm8)sdivx.o:
start 000093ba end 000093e5 length    43 section .text
start 000005db end 0000060a length    47 section .info.

(C:\Program Files (x86)\COSMIC\CXSTM8_32K\Lib\libm0.sm8)xreg.o:
start 000000f6 end 000000f9 length     3 section .ubsct
start 0000060a end 00000638 length    46 section .info.

(C:\Program Files (x86)\COSMIC\CXSTM8_32K\Lib\libm0.sm8)yreg.o:
start 000000f9 end 000000fc length     3 section .ubsct
start 00000638 end 00000666 length    46 section .info.

Debug\stm8_interrupt_vector.o:
start 0000b023 end 0000b149 length   294 section .debug
start 00000666 end 000006e3 length   125 section .info.
start 00008000 end 00008080 length   128 section .const


                             -----------
                             Stack usage
                             -----------

Debug\application.o:
L12_bldc_close_loop                    15   (2)
L32_bldc_one_close_loop                13   (6)
L351_AppStopToAlignment                10   (2)
L51_bldc_one_open_loop                 13   (6)
L71_bldc_open_loop                     17   (4)
_AppAlignment                      >    2   (2)
_AppCalib                          >   12   (2)
_AppFault                          >    2   (2)
_AppInit                           >    2   (2)
_AppRun                            >   17   (2)
_AppStart                          >   19   (2)
_AppStop                           >    2   (2)
_check_commutation                 >    2   (2)
_delay_ms                               8   (8)
_delay_us                               6   (6)
_delay_us_with_timer               >    2   (2)
_function_test                     >   10   (2)
_get_adc                                6   (4)
_init_timer1                            6   (6)
_init_timer2                            7   (7)
_init_timer3                            5   (5)
_reload_timer1                     >    6   (6)
_test_timer3                       >   12   (4)
_timer2_disable                         2   (2)
_timer2_enable                     >    2   (2)
_timer2_service                         8   (2)
_timer2_service_close_loop             16   (10)

Debug\control.o:
_AdcSwitch                              2   (2)
_AutoRunOne                        >    7   (2)
_BldcBak                           >    4   (2)
_BldcLik                           >    3   (3)
_BldcRun                           >    7   (2)
_CNT_AL_OUT_DIS                         2   (2)
_CNT_AL_OUT_EN                          2   (2)
_CNT_BL_OUT_DIS                         2   (2)
_CNT_BL_OUT_EN                          2   (2)
_CNT_CL_OUT_DIS                         2   (2)
_CNT_CL_OUT_EN                          2   (2)
_Check_BEMF_Voltage                >    6   (4)
_CmdPwmSlow                        >    6   (2)
_DISP_Display                      >   15   (5)
_Key_Check                         >    2   (2)
_Led_Light                         >    2   (2)
_Nop                               >    3   (3)
_OffSixPin                              4   (2)
_Run_Ctl                           >    6   (2)
_SpeedRefAccDec                    >    2   (2)
_Timer1_CCR4_Value                      2   (2)
_Timer1_PWM_Value                       4   (4)
_TstAndSwit                             3   (3)
_bldc_run_onestep                       5   (3)
_bldc_stop                         >    4   (2)

Debug\main.o:
_assert_failed                          6   (6)
_init_adc                               5   (5)
_init_clk                               2   (2)
_init_io                                2   (2)
_init_timer4                            2   (2)
_main                              >   21   (2)

Debug\stm8s_gpio.o:
_GPIO_DeInit                       >    2   (2)
_GPIO_ExternalPullUpConfig         >   12   (6)
_GPIO_Init                         >   12   (6)
_GPIO_ReadInputData                >    2   (2)
_GPIO_ReadInputPin                 >    5   (5)
_GPIO_ReadOutputData               >    2   (2)
_GPIO_Write                        >    5   (5)
_GPIO_WriteHigh                         5   (5)
_GPIO_WriteLow                          5   (5)
_GPIO_WriteReverse                 >    5   (5)

Debug\stm8s_it.o:
f_ADC2_IRQHandler                  >    5   (5)
f_AWU_IRQHandler                   >    5   (5)
f_CLK_IRQHandler                   >    5   (5)
f_EEPROM_EEC_IRQHandler            >    5   (5)
f_EXTI_PORTA_IRQHandler            >    5   (5)
f_EXTI_PORTB_IRQHandler            >    5   (5)
f_EXTI_PORTC_IRQHandler            >    5   (5)
f_EXTI_PORTD_IRQHandler            >    5   (5)
f_EXTI_PORTE_IRQHandler            >    5   (5)
f_I2C_IRQHandler                   >    5   (5)
f_NonHandledInterrupt              >    5   (5)
f_SPI_IRQHandler                   >    5   (5)
f_TIM1_CAP_COM_IRQHandler          >    5   (5)
f_TIM1_UPD_OVF_TRG_BRK_IRQHandler  >    5   (5)
f_TIM2_CAP_COM_IRQHandler          >    5   (5)
f_TIM2_UPD_OVF_BRK_IRQHandler      >   27   (11)
f_TIM3_CAP_COM_IRQHandler          >    5   (5)
f_TIM3_UPD_OVF_BRK_IRQHandler      >    5   (5)
f_TIM4_UPD_OVF_IRQHandler          >    5   (5)
f_TLI_IRQHandler                   >    5   (5)
f_TRAP_IRQHandler                  >    5   (5)
f_UART1_RX_IRQHandler              >    5   (5)
f_UART1_TX_IRQHandler              >    5   (5)
f_UART3_RX_IRQHandler              >    5   (5)
f_UART3_TX_IRQHandler              >    5   (5)

Debug\stm8s_spi.o:
_SPI_BiDirectionalLineConfig       >    9   (3)
_SPI_CalculateCRCCmd                    9   (3)
_SPI_ClearFlag                     >    9   (3)
_SPI_ClearITPendingBit             >   10   (4)
_SPI_Cmd                                9   (3)
_SPI_DeInit                        >    2   (2)
_SPI_GetCRC                        >   10   (4)
_SPI_GetCRCPolynomial              >    2   (2)
_SPI_GetFlagStatus                     10   (4)
_SPI_GetITStatus                   >   11   (5)
_SPI_ITConfig                      >   11   (5)
_SPI_Init                          >   17   (11)
_SPI_NSSInternalSoftwareCmd        >    9   (3)
_SPI_ReceiveData                   >    2   (2)
_SPI_ResetCRC                      >   11   (2)
_SPI_SendData                           2   (2)
_SPI_TransmitCRC                   >    2   (2)

Stack size: 48


                              ---------
                              Call tree
                              ---------
   1 > _AppAlignment: (2)

   2 > _AppCalib: (2)
   3      + L351_AppStopToAlignment: (2)
   4      |    + _CNT_AL_OUT_DIS: (2)
   5      |    + _CNT_AL_OUT_EN: (2)
   6      |    + _CNT_BL_OUT_DIS: (2)
   7      |    + _CNT_BL_OUT_EN: (2)
   8      |    + _CNT_CL_OUT_DIS: (2)
   9      |    + _Timer1_PWM_Value: (4)
  10      |    + _delay_ms: (8)
          | 
       
  11 > _AppFault: (2)

  12 > _AppInit: (2)

  13 > _AppRun: (2)
  14      + L12_bldc_close_loop: (2)
  15      |    + L32_bldc_one_close_loop: (6)
  16      |    |    + _Timer1_PWM_Value --> 9
  17      |    |    + _bldc_run_onestep: (3)
  18      |    |    |    + _CNT_AL_OUT_DIS --> 4
  19      |    |    |    + _CNT_AL_OUT_EN --> 5
  20      |    |    |    + _CNT_BL_OUT_DIS --> 6
  21      |    |    |    + _CNT_BL_OUT_EN --> 7
  22      |    |    |    + _CNT_CL_OUT_DIS --> 8
  23      |    |    |    + _CNT_CL_OUT_EN: (2)
          |    |    | 
  24      |    |    + _delay_us: (6)
  25      |    |    + _init_timer2: (7)
  26      |    |    + _init_timer3: (5)
          |    | 
          | 
       
  27 > _AppStart: (2)
  28      + L71_bldc_open_loop: (4)
  29      |    + L51_bldc_one_open_loop: (6)
  30      |    |    + _Timer1_PWM_Value --> 9
  31      |    |    + _bldc_run_onestep --> 17
  32      |    |    + _delay_us --> 24
  33      |    |    + _init_timer2 --> 25
          |    | 
          | 
       
  34 > _AppStop: (2)

  35 > _AutoRunOne: (2)
  36      + _bldc_run_onestep --> 17
       
  37 > _BldcBak: (2)
  38      + _CNT_AL_OUT_EN --> 5
  39      + _CNT_BL_OUT_EN --> 7
  40      + _CNT_CL_OUT_EN --> 23
       
  41 > _BldcLik: (3)

  42 > _BldcRun: (2)
  43      + _TstAndSwit: (3)
  44      + _bldc_run_onestep --> 17
       
  45 > _Check_BEMF_Voltage: (4)
  46      + _AdcSwitch: (2)
       
  47 > _CmdPwmSlow: (2)
  48      + _Timer1_PWM_Value --> 9
       
  49 > _DISP_Display: (5)
  50      + _GPIO_WriteHigh: (5)
  51      + _GPIO_WriteLow: (5)
  52      + _SPI_GetFlagStatus: (4)
  53      |    + _assert_failed: (6)
          | 
  54      + _SPI_SendData: (2)
       
  55 > _GPIO_DeInit: (2)

  56 > _GPIO_ExternalPullUpConfig: (6)
  57      + _assert_failed --> 53
       
  58 > _GPIO_Init: (6)
  59      + _assert_failed --> 53
       
  60 > _GPIO_ReadInputData: (2)

  61 > _GPIO_ReadInputPin: (5)

  62 > _GPIO_ReadOutputData: (2)

  63 > _GPIO_Write: (5)

  64 > _GPIO_WriteReverse: (5)

  65 > _Key_Check: (2)

  66 > _Led_Light: (2)

  67 > _Nop: (3)

  68 > _Run_Ctl: (2)
  69      + _CNT_AL_OUT_DIS --> 4
  70      + _CNT_AL_OUT_EN --> 5
  71      + _CNT_BL_OUT_DIS --> 6
  72      + _CNT_BL_OUT_EN --> 7
  73      + _CNT_CL_OUT_DIS --> 8
  74      + _CNT_CL_OUT_EN --> 23
  75      + _OffSixPin: (2)
  76      |    + _CNT_AL_OUT_DIS --> 4
  77      |    + _CNT_BL_OUT_DIS --> 6
  78      |    + _CNT_CL_OUT_DIS --> 8
          | 
  79      + _Timer1_CCR4_Value: (2)
  80      + _Timer1_PWM_Value --> 9
       
  81 > _SPI_BiDirectionalLineConfig: (3)
  82      + _assert_failed --> 53
       
  83 > _SPI_ClearFlag: (3)
  84      + _assert_failed --> 53
       
  85 > _SPI_ClearITPendingBit: (4)
  86      + _assert_failed --> 53
       
  87 > _SPI_DeInit: (2)

  88 > _SPI_GetCRC: (4)
  89      + _assert_failed --> 53
       
  90 > _SPI_GetCRCPolynomial: (2)

  91 > _SPI_GetITStatus: (5)
  92      + _assert_failed --> 53
       
  93 > _SPI_ITConfig: (5)
  94      + _assert_failed --> 53
       
  95 > _SPI_Init: (11)
  96      + _assert_failed --> 53
       
  97 > _SPI_NSSInternalSoftwareCmd: (3)
  98      + _assert_failed --> 53
       
  99 > _SPI_ReceiveData: (2)

 100 > _SPI_ResetCRC: (2)
 101      + _SPI_CalculateCRCCmd: (3)
 102      |    + _assert_failed --> 53
          | 
 103      + _SPI_Cmd: (3)
 104      |    + _assert_failed --> 53
          | 
       
 105 > _SPI_TransmitCRC: (2)

 106 > _SpeedRefAccDec: (2)

 107 > __stext: (0)

 108 > _bldc_stop: (2)
 109      + _CNT_AL_OUT_DIS --> 4
 110      + _CNT_BL_OUT_DIS --> 6
 111      + _CNT_CL_OUT_DIS --> 8
       
 112 > _check_commutation: (2)

 113 > _delay_us_with_timer: (2)

 114 > _function_test: (2)
 115      + _delay_ms --> 10
       
 116 > _main: (2)
 117      + [_AppAlignment] --> 1
 118      + [_AppCalib] --> 2
 119      + [_AppFault] --> 11
 120      + [_AppInit] --> 12
 121      + [_AppRun] --> 13
 122      + [_AppStart] --> 27
 123      + [_AppStop] --> 34
 124      + _init_adc: (5)
 125      + _init_clk: (2)
 126      + _init_io: (2)
 127      + _init_timer1: (6)
 128      + _init_timer4: (2)
       
 129 > _reload_timer1: (6)

 130 > _test_timer3: (4)
 131      + _delay_ms --> 10
 132      + _delay_us --> 24
       
 133 > _timer2_enable: (2)

 134 > f_ADC2_IRQHandler: (5)

 135 > f_AWU_IRQHandler: (5)

 136 > f_CLK_IRQHandler: (5)

 137 > f_EEPROM_EEC_IRQHandler: (5)

 138 > f_EXTI_PORTA_IRQHandler: (5)

 139 > f_EXTI_PORTB_IRQHandler: (5)

 140 > f_EXTI_PORTC_IRQHandler: (5)

 141 > f_EXTI_PORTD_IRQHandler: (5)

 142 > f_EXTI_PORTE_IRQHandler: (5)

 143 > f_I2C_IRQHandler: (5)

 144 > f_NonHandledInterrupt: (5)

 145 > f_SPI_IRQHandler: (5)

 146 > f_TIM1_CAP_COM_IRQHandler: (5)

 147 > f_TIM1_UPD_OVF_TRG_BRK_IRQHandler: (5)

 148 > f_TIM2_CAP_COM_IRQHandler: (5)

 149 > f_TIM2_UPD_OVF_BRK_IRQHandler: (11)
 150      + _timer2_service: (2)
 151      |    + _get_adc: (4)
 152      |    |    + _AdcSwitch --> 46
          |    | 
 153      |    + _timer2_disable: (2)
          | 
 154      + _timer2_service_close_loop: (10)
 155      |    + _get_adc --> 151
 156      |    + _timer2_disable --> 153
          | 
       
 157 > f_TIM3_CAP_COM_IRQHandler: (5)

 158 > f_TIM3_UPD_OVF_BRK_IRQHandler: (5)

 159 > f_TIM4_UPD_OVF_IRQHandler: (5)

 160 > f_TLI_IRQHandler: (5)

 161 > f_TRAP_IRQHandler: (5)

 162 > f_UART1_RX_IRQHandler: (5)

 163 > f_UART1_TX_IRQHandler: (5)

 164 > f_UART3_RX_IRQHandler: (5)

 165 > f_UART3_TX_IRQHandler: (5)

 166   L12_bldc_close_loop --> 14

 167   L32_bldc_one_close_loop --> 15

 168   L351_AppStopToAlignment --> 3

 169   L51_bldc_one_open_loop --> 29

 170   L71_bldc_open_loop --> 28

 171   _AdcSwitch --> 46

 172   _CNT_AL_OUT_DIS --> 4

 173   _CNT_AL_OUT_EN --> 5

 174   _CNT_BL_OUT_DIS --> 6

 175   _CNT_BL_OUT_EN --> 7

 176   _CNT_CL_OUT_DIS --> 8

 177   _CNT_CL_OUT_EN --> 23

 178   _GPIO_WriteHigh --> 50

 179   _GPIO_WriteLow --> 51

 180   _OffSixPin --> 75

 181   _SPI_CalculateCRCCmd --> 101

 182   _SPI_Cmd --> 103

 183   _SPI_GetFlagStatus --> 52

 184   _SPI_SendData --> 54

 185   _Timer1_CCR4_Value --> 79

 186   _Timer1_PWM_Value --> 9

 187   _TstAndSwit --> 43

 188   _assert_failed --> 53

 189   _bldc_run_onestep --> 17

 190   _delay_ms --> 10

 191   _delay_us --> 24

 192   _get_adc --> 151

 193   _init_adc --> 124

 194   _init_clk --> 125

 195   _init_io --> 126

 196   _init_timer1 --> 127

 197   _init_timer2 --> 25

 198   _init_timer3 --> 26

 199   _init_timer4 --> 128

 200   _timer2_disable --> 153

 201   _timer2_service --> 150

 202   _timer2_service_close_loop --> 154



                               -------
                               Symbols
                               -------

_ADC2_ClearFlag                     ********   *** removed from Debug\stm8s_adc2.o ***
_ADC2_ClearITPendingBit             ********   *** removed from Debug\stm8s_adc2.o ***
_ADC2_Cmd                           ********   *** removed from Debug\stm8s_adc2.o ***
_ADC2_ConversionConfig              ********   *** removed from Debug\stm8s_adc2.o ***
_ADC2_DeInit                        ********   *** removed from Debug\stm8s_adc2.o ***
_ADC2_ExternalTriggerConfig         ********   *** removed from Debug\stm8s_adc2.o ***
_ADC2_GetConversionValue            ********   *** removed from Debug\stm8s_adc2.o ***
_ADC2_GetFlagStatus                 ********   *** removed from Debug\stm8s_adc2.o ***
_ADC2_GetITStatus                   ********   *** removed from Debug\stm8s_adc2.o ***
_ADC2_ITConfig                      ********   *** removed from Debug\stm8s_adc2.o ***
_ADC2_Init                          ********   *** removed from Debug\stm8s_adc2.o ***
_ADC2_PrescalerConfig               ********   *** removed from Debug\stm8s_adc2.o ***
_ADC2_SchmittTriggerConfig          ********   *** removed from Debug\stm8s_adc2.o ***
_ADC2_StartConversion               ********   *** removed from Debug\stm8s_adc2.o ***
_AdcSwitch                          00008d0c   defined in Debug\control.o section .text
                                               used in Debug\application.o
_AppAlignment                       0000882f   defined in Debug\application.o section .text
_AppCalib                           00008827   defined in Debug\application.o section .text
_AppFault                           00008841   defined in Debug\application.o section .text
_AppInit                            00008822   defined in Debug\application.o section .text
_AppRun                             0000883c   defined in Debug\application.o section .text
_AppStart                           00008834   defined in Debug\application.o section .text
_AppStateMachine                    000080cf   defined in Debug\application.o section .const
                                               used in Debug\main.o
_AppStop                            00008840   defined in Debug\application.o section .text
_AutoRunOne                         00008f39   defined in Debug\control.o section .text
_BldcBak                            00008b67   defined in Debug\control.o section .text
_BldcLik                            00008ed1   defined in Debug\control.o section .text
_BldcRun                            00008ee3   defined in Debug\control.o section .text
_CLKPrescTable                      ********   *** removed from Debug\stm8s_clk.o ***
_CLK_AdjustHSICalibrationValue      ********   *** removed from Debug\stm8s_clk.o ***
_CLK_CCOCmd                         ********   *** removed from Debug\stm8s_clk.o ***
_CLK_CCOConfig                      ********   *** removed from Debug\stm8s_clk.o ***
_CLK_ClearITPendingBit              ********   *** removed from Debug\stm8s_clk.o ***
_CLK_ClockSecuritySystemEnable      ********   *** removed from Debug\stm8s_clk.o ***
_CLK_ClockSwitchCmd                 ********   *** removed from Debug\stm8s_clk.o ***
_CLK_ClockSwitchConfig              ********   *** removed from Debug\stm8s_clk.o ***
_CLK_DeInit                         ********   *** removed from Debug\stm8s_clk.o ***
_CLK_FastHaltWakeUpCmd              ********   *** removed from Debug\stm8s_clk.o ***
_CLK_GetClockFreq                   ********   *** removed from Debug\stm8s_clk.o ***
_CLK_GetFlagStatus                  ********   *** removed from Debug\stm8s_clk.o ***
_CLK_GetITStatus                    ********   *** removed from Debug\stm8s_clk.o ***
_CLK_GetSYSCLKSource                ********   *** removed from Debug\stm8s_clk.o ***
_CLK_HSECmd                         ********   *** removed from Debug\stm8s_clk.o ***
_CLK_HSICmd                         ********   *** removed from Debug\stm8s_clk.o ***
_CLK_HSIPrescalerConfig             ********   *** removed from Debug\stm8s_clk.o ***
_CLK_ITConfig                       ********   *** removed from Debug\stm8s_clk.o ***
_CLK_LSICmd                         ********   *** removed from Debug\stm8s_clk.o ***
_CLK_PeripheralClockConfig          ********   *** removed from Debug\stm8s_clk.o ***
_CLK_SWIMConfig                     ********   *** removed from Debug\stm8s_clk.o ***
_CLK_SYSCLKConfig                   ********   *** removed from Debug\stm8s_clk.o ***
_CLK_SYSCLKEmergencyClear           ********   *** removed from Debug\stm8s_clk.o ***
_CLK_SlowActiveHaltWakeUpCmd        ********   *** removed from Debug\stm8s_clk.o ***
_CNT_AL_OUT_DIS                     00008aa6   defined in Debug\control.o section .text
                                               used in Debug\application.o
_CNT_AL_OUT_EN                      00008a97   defined in Debug\control.o section .text
                                               used in Debug\application.o
_CNT_BL_OUT_DIS                     00008ac4   defined in Debug\control.o section .text
                                               used in Debug\application.o
_CNT_BL_OUT_EN                      00008ab5   defined in Debug\control.o section .text
                                               used in Debug\application.o
_CNT_CL_OUT_DIS                     00008ae2   defined in Debug\control.o section .text
                                               used in Debug\application.o
_CNT_CL_OUT_EN                      00008ad3   defined in Debug\control.o section .text
_Check_BEMF_Voltage                 00008d1f   defined in Debug\control.o section .text
_CmdPwmSlow                         00008c10   defined in Debug\control.o section .text
_DISP_Display                       00008afb   defined in Debug\control.o section .text
_DISP_TAB                           00000021   defined in Debug\control.o section .bsct, initialized
_Error_code                         000000c7   defined in Debug\control.o section .ubsct
                                               used in Debug\stm8s_it.o
_GPIO_DeInit                        00008173   defined in Debug\stm8s_gpio.o section .text
_GPIO_ExternalPullUpConfig          00008281   defined in Debug\stm8s_gpio.o section .text
_GPIO_Init                          0000817b   defined in Debug\stm8s_gpio.o section .text
_GPIO_ReadInputData                 00008277   defined in Debug\stm8s_gpio.o section .text
_GPIO_ReadInputPin                  0000827a   defined in Debug\stm8s_gpio.o section .text
_GPIO_ReadOutputData                00008275   defined in Debug\stm8s_gpio.o section .text
_GPIO_Write                         00008257   defined in Debug\stm8s_gpio.o section .text
_GPIO_WriteHigh                     0000825f   defined in Debug\stm8s_gpio.o section .text
                                               used in Debug\control.o
_GPIO_WriteLow                      00008266   defined in Debug\stm8s_gpio.o section .text
                                               used in Debug\control.o
_GPIO_WriteReverse                  0000826e   defined in Debug\stm8s_gpio.o section .text
_HSIDivFactor                       ********   *** removed from Debug\stm8s_clk.o ***
_KLST                               0000001e   defined in Debug\control.o section .bsct, initialized
_KSTB                               0000001f   defined in Debug\control.o section .bsct, initialized
_KSTBL                              00000020   defined in Debug\control.o section .bsct, initialized
_Key_Check                          00008bad   defined in Debug\control.o section .text
_Led_Light                          00008cef   defined in Debug\control.o section .text
_Nop                                00008af1   defined in Debug\control.o section .text
_OffSixPin                          00008b52   defined in Debug\control.o section .text
_Run_Ctl                            00008c39   defined in Debug\control.o section .text
_SPI_BiDirectionalLineConfig        0000856a   defined in Debug\stm8s_spi.o section .text
_SPI_CalculateCRCCmd                00008501   defined in Debug\stm8s_spi.o section .text
_SPI_ClearFlag                      000085d9   defined in Debug\stm8s_spi.o section .text
_SPI_ClearITPendingBit              00008670   defined in Debug\stm8s_spi.o section .text
_SPI_Cmd                            0000842d   defined in Debug\stm8s_spi.o section .text
_SPI_DeInit                         000082cf   defined in Debug\stm8s_spi.o section .text
_SPI_GetCRC                         0000852c   defined in Debug\stm8s_spi.o section .text
_SPI_GetCRCPolynomial               00008566   defined in Debug\stm8s_spi.o section .text
_SPI_GetFlagStatus                  00008595   defined in Debug\stm8s_spi.o section .text
                                               used in Debug\control.o
_SPI_GetITStatus                    000085fd   defined in Debug\stm8s_spi.o section .text
_SPI_ITConfig                       00008458   defined in Debug\stm8s_spi.o section .text
_SPI_Init                           000082e4   defined in Debug\stm8s_spi.o section .text
_SPI_NSSInternalSoftwareCmd         000084d1   defined in Debug\stm8s_spi.o section .text
_SPI_ReceiveData                    000084cd   defined in Debug\stm8s_spi.o section .text
_SPI_ResetCRC                       0000855c   defined in Debug\stm8s_spi.o section .text
_SPI_SendData                       000084c9   defined in Debug\stm8s_spi.o section .text
                                               used in Debug\control.o
_SPI_TransmitCRC                    000084fc   defined in Debug\stm8s_spi.o section .text
_SpeedRefAccDec                     00008c05   defined in Debug\control.o section .text
_TIM1_ARRPreloadConfig              ********   *** removed from Debug\stm8s_tim1.o ***
_TIM1_BDTRConfig                    ********   *** removed from Debug\stm8s_tim1.o ***
_TIM1_CCPreloadControl              ********   *** removed from Debug\stm8s_tim1.o ***
_TIM1_CCxCmd                        ********   *** removed from Debug\stm8s_tim1.o ***
_TIM1_CCxNCmd                       ********   *** removed from Debug\stm8s_tim1.o ***
_TIM1_ClearFlag                     ********   *** removed from Debug\stm8s_tim1.o ***
_TIM1_ClearITPendingBit             ********   *** removed from Debug\stm8s_tim1.o ***
_TIM1_Cmd                           ********   *** removed from Debug\stm8s_tim1.o ***
_TIM1_CounterModeConfig             ********   *** removed from Debug\stm8s_tim1.o ***
_TIM1_CtrlPWMOutputs                ********   *** removed from Debug\stm8s_tim1.o ***
_TIM1_DeInit                        ********   *** removed from Debug\stm8s_tim1.o ***
_TIM1_ETRClockMode1Config           ********   *** removed from Debug\stm8s_tim1.o ***
_TIM1_ETRClockMode2Config           ********   *** removed from Debug\stm8s_tim1.o ***
_TIM1_ETRConfig                     ********   *** removed from Debug\stm8s_tim1.o ***
_TIM1_EncoderInterfaceConfig        ********   *** removed from Debug\stm8s_tim1.o ***
_TIM1_ForcedOC1Config               ********   *** removed from Debug\stm8s_tim1.o ***
_TIM1_ForcedOC2Config               ********   *** removed from Debug\stm8s_tim1.o ***
_TIM1_ForcedOC3Config               ********   *** removed from Debug\stm8s_tim1.o ***
_TIM1_ForcedOC4Config               ********   *** removed from Debug\stm8s_tim1.o ***
_TIM1_GenerateEvent                 ********   *** removed from Debug\stm8s_tim1.o ***
_TIM1_GetCapture1                   ********   *** removed from Debug\stm8s_tim1.o ***
_TIM1_GetCapture2                   ********   *** removed from Debug\stm8s_tim1.o ***
_TIM1_GetCapture3                   ********   *** removed from Debug\stm8s_tim1.o ***
_TIM1_GetCapture4                   ********   *** removed from Debug\stm8s_tim1.o ***
_TIM1_GetCounter                    ********   *** removed from Debug\stm8s_tim1.o ***
_TIM1_GetFlagStatus                 ********   *** removed from Debug\stm8s_tim1.o ***
_TIM1_GetITStatus                   ********   *** removed from Debug\stm8s_tim1.o ***
_TIM1_GetPrescaler                  ********   *** removed from Debug\stm8s_tim1.o ***
_TIM1_ICInit                        ********   *** removed from Debug\stm8s_tim1.o ***
_TIM1_ITConfig                      ********   *** removed from Debug\stm8s_tim1.o ***
_TIM1_InternalClockConfig           ********   *** removed from Debug\stm8s_tim1.o ***
_TIM1_OC1FastConfig                 ********   *** removed from Debug\stm8s_tim1.o ***
_TIM1_OC1Init                       ********   *** removed from Debug\stm8s_tim1.o ***
_TIM1_OC1NPolarityConfig            ********   *** removed from Debug\stm8s_tim1.o ***
_TIM1_OC1PolarityConfig             ********   *** removed from Debug\stm8s_tim1.o ***
_TIM1_OC1PreloadConfig              ********   *** removed from Debug\stm8s_tim1.o ***
_TIM1_OC2FastConfig                 ********   *** removed from Debug\stm8s_tim1.o ***
_TIM1_OC2Init                       ********   *** removed from Debug\stm8s_tim1.o ***
_TIM1_OC2NPolarityConfig            ********   *** removed from Debug\stm8s_tim1.o ***
_TIM1_OC2PolarityConfig             ********   *** removed from Debug\stm8s_tim1.o ***
_TIM1_OC2PreloadConfig              ********   *** removed from Debug\stm8s_tim1.o ***
_TIM1_OC3FastConfig                 ********   *** removed from Debug\stm8s_tim1.o ***
_TIM1_OC3Init                       ********   *** removed from Debug\stm8s_tim1.o ***
_TIM1_OC3NPolarityConfig            ********   *** removed from Debug\stm8s_tim1.o ***
_TIM1_OC3PolarityConfig             ********   *** removed from Debug\stm8s_tim1.o ***
_TIM1_OC3PreloadConfig              ********   *** removed from Debug\stm8s_tim1.o ***
_TIM1_OC4FastConfig                 ********   *** removed from Debug\stm8s_tim1.o ***
_TIM1_OC4Init                       ********   *** removed from Debug\stm8s_tim1.o ***
_TIM1_OC4PolarityConfig             ********   *** removed from Debug\stm8s_tim1.o ***
_TIM1_OC4PreloadConfig              ********   *** removed from Debug\stm8s_tim1.o ***
_TIM1_PWMIConfig                    ********   *** removed from Debug\stm8s_tim1.o ***
_TIM1_PrescalerConfig               ********   *** removed from Debug\stm8s_tim1.o ***
_TIM1_SelectCOM                     ********   *** removed from Debug\stm8s_tim1.o ***
_TIM1_SelectHallSensor              ********   *** removed from Debug\stm8s_tim1.o ***
_TIM1_SelectInputTrigger            ********   *** removed from Debug\stm8s_tim1.o ***
_TIM1_SelectMasterSlaveMode         ********   *** removed from Debug\stm8s_tim1.o ***
_TIM1_SelectOCxM                    ********   *** removed from Debug\stm8s_tim1.o ***
_TIM1_SelectOnePulseMode            ********   *** removed from Debug\stm8s_tim1.o ***
_TIM1_SelectOutputTrigger           ********   *** removed from Debug\stm8s_tim1.o ***
_TIM1_SelectSlaveMode               ********   *** removed from Debug\stm8s_tim1.o ***
_TIM1_SetAutoreload                 ********   *** removed from Debug\stm8s_tim1.o ***
_TIM1_SetCompare1                   ********   *** removed from Debug\stm8s_tim1.o ***
_TIM1_SetCompare2                   ********   *** removed from Debug\stm8s_tim1.o ***
_TIM1_SetCompare3                   ********   *** removed from Debug\stm8s_tim1.o ***
_TIM1_SetCompare4                   ********   *** removed from Debug\stm8s_tim1.o ***
_TIM1_SetCounter                    ********   *** removed from Debug\stm8s_tim1.o ***
_TIM1_SetIC1Prescaler               ********   *** removed from Debug\stm8s_tim1.o ***
_TIM1_SetIC2Prescaler               ********   *** removed from Debug\stm8s_tim1.o ***
_TIM1_SetIC3Prescaler               ********   *** removed from Debug\stm8s_tim1.o ***
_TIM1_SetIC4Prescaler               ********   *** removed from Debug\stm8s_tim1.o ***
_TIM1_TIxExternalClockConfig        ********   *** removed from Debug\stm8s_tim1.o ***
_TIM1_TimeBaseInit                  ********   *** removed from Debug\stm8s_tim1.o ***
_TIM1_UpdateDisableConfig           ********   *** removed from Debug\stm8s_tim1.o ***
_TIM1_UpdateRequestConfig           ********   *** removed from Debug\stm8s_tim1.o ***
_TIM4_ARRPreloadConfig              ********   *** removed from Debug\stm8s_tim4.o ***
_TIM4_ClearFlag                     ********   *** removed from Debug\stm8s_tim4.o ***
_TIM4_ClearITPendingBit             ********   *** removed from Debug\stm8s_tim4.o ***
_TIM4_Cmd                           ********   *** removed from Debug\stm8s_tim4.o ***
_TIM4_DeInit                        ********   *** removed from Debug\stm8s_tim4.o ***
_TIM4_GenerateEvent                 ********   *** removed from Debug\stm8s_tim4.o ***
_TIM4_GetCounter                    ********   *** removed from Debug\stm8s_tim4.o ***
_TIM4_GetFlagStatus                 ********   *** removed from Debug\stm8s_tim4.o ***
_TIM4_GetITStatus                   ********   *** removed from Debug\stm8s_tim4.o ***
_TIM4_GetPrescaler                  ********   *** removed from Debug\stm8s_tim4.o ***
_TIM4_ITConfig                      ********   *** removed from Debug\stm8s_tim4.o ***
_TIM4_PrescalerConfig               ********   *** removed from Debug\stm8s_tim4.o ***
_TIM4_SelectOnePulseMode            ********   *** removed from Debug\stm8s_tim4.o ***
_TIM4_SetAutoreload                 ********   *** removed from Debug\stm8s_tim4.o ***
_TIM4_SetCounter                    ********   *** removed from Debug\stm8s_tim4.o ***
_TIM4_TimeBaseInit                  ********   *** removed from Debug\stm8s_tim4.o ***
_TIM4_UpdateDisableConfig           ********   *** removed from Debug\stm8s_tim4.o ***
_TIM4_UpdateRequestConfig           ********   *** removed from Debug\stm8s_tim4.o ***
_Tab_StepFan                        000080dd   defined in Debug\control.o section .const
_Tab_StepZen                        000080e3   defined in Debug\control.o section .const
_Timer1_CCR4_Value                  00008b7d   defined in Debug\control.o section .text
_Timer1_PWM_Value                   00008b88   defined in Debug\control.o section .text
                                               used in Debug\application.o
_TstAndSwit                         00008da1   defined in Debug\control.o section .text
__endmem                            000013ff   defined in command file
                                               *** not used ***
__endzp                             000000fc   defined in command file section .ubsct
                                               used in C:\Program Files (x86)\COSMIC\CXSTM8_32K\Lib\crtsi0.sm8
__idesc__                           000080e9   defined in linker section .init
                                               used in C:\Program Files (x86)\COSMIC\CXSTM8_32K\Lib\crtsi0.sm8
__memory                            00000100   defined in command file section .bss
                                               used in C:\Program Files (x86)\COSMIC\CXSTM8_32K\Lib\crtsi0.sm8
__stack                             000017ff   defined in command file
                                               used in C:\Program Files (x86)\COSMIC\CXSTM8_32K\Lib\crtsi0.sm8
__startmem                          00000100   defined in command file section .bss
                                               *** not used ***
__stext                             00008128   defined in C:\Program Files (x86)\COSMIC\CXSTM8_32K\Lib\crtsi0.sm8 section .text
                                               used in Debug\stm8_interrupt_vector.o
__vectab                            00008000   defined in Debug\stm8_interrupt_vector.o section .const
_adc_table                          ********   *** removed from Debug\main.o ***
_assert_failed                      0000934a   defined in Debug\main.o section .text
                                               used in Debug\stm8s_adc2.o
                                                       Debug\stm8s_clk.o
                                                       Debug\stm8s_gpio.o
                                                       Debug\stm8s_spi.o
                                                       Debug\stm8s_tim1.o
                                                       Debug\stm8s_tim4.o
_bldc_run_onestep                   00008f5a   defined in Debug\control.o section .text
                                               used in Debug\application.o
_bldc_stop                          00009224   defined in Debug\control.o section .text
_check_commutation                  000089bb   defined in Debug\application.o section .text
_delay_ms                           000086db   defined in Debug\application.o section .text
_delay_us                           000086c4   defined in Debug\application.o section .text
_delay_us_with_timer                000089a3   defined in Debug\application.o section .text
_exit                               00008171   defined in C:\Program Files (x86)\COSMIC\CXSTM8_32K\Lib\crtsi0.sm8 section .text
_function_test                      00008842   defined in Debug\application.o section .text
_g_app_state                        00000000   defined in Debug\application.o section .bsct, initialized
                                               used in Debug\main.o
_g_counter_ms                       00000003   defined in Debug\application.o section .bsct, initialized
_g_direction                        0000001d   defined in Debug\control.o section .bsct, initialized
_g_flags                            00000007   defined in Debug\application.o section .bsct, initialized
                                               used in Debug\stm8s_it.o
_g_pwm_on_duty                      00000001   defined in Debug\application.o section .bsct, initialized
_g_values                           00000009   defined in Debug\application.o section .bsct, initialized
                                               used in Debug\stm8s_it.o
_get_adc                            000086a9   defined in Debug\application.o section .text
_init_adc                           000092cc   defined in Debug\main.o section .text
_init_clk                           0000925e   defined in Debug\main.o section .text
_init_io                            00009283   defined in Debug\main.o section .text
_init_timer1                        00008a0d   defined in Debug\application.o section .text
                                               used in Debug\main.o
_init_timer2                        00008967   defined in Debug\application.o section .text
_init_timer3                        000089bc   defined in Debug\application.o section .text
_init_timer4                        00009263   defined in Debug\main.o section .text
_main                               00009321   defined in Debug\main.o section .text
                                               used in C:\Program Files (x86)\COSMIC\CXSTM8_32K\Lib\crtsi0.sm8
_reload_timer1                      00008a66   defined in Debug\application.o section .text
_tBC_Param                          000000c8   defined in Debug\control.o section .ubsct
_test_timer3                        000089dc   defined in Debug\application.o section .text
_timer2_disable                     0000899e   defined in Debug\application.o section .text
_timer2_enable                      00008995   defined in Debug\application.o section .text
_timer2_service                     00008866   defined in Debug\application.o section .text
                                               used in Debug\stm8s_it.o
_timer2_service_close_loop          0000889e   defined in Debug\application.o section .text
                                               used in Debug\stm8s_it.o
c_divsl                             ********   *** removed from (C:\Program Files (x86)\COSMIC\CXSTM8_32K\Lib\libm0.sm8)ldiv.o ***
c_divul                             ********   *** removed from (C:\Program Files (x86)\COSMIC\CXSTM8_32K\Lib\libm0.sm8)ldiv.o ***
c_lgneg                             ********   *** removed from (C:\Program Files (x86)\COSMIC\CXSTM8_32K\Lib\libm0.sm8)lgneg.o ***
c_lneg                              ********   *** removed from (C:\Program Files (x86)\COSMIC\CXSTM8_32K\Lib\libm0.sm8)lneg.o ***
c_lreg                              ********   *** removed from (C:\Program Files (x86)\COSMIC\CXSTM8_32K\Lib\libm0.sm8)lreg.o ***
c_ltor                              ********   *** removed from (C:\Program Files (x86)\COSMIC\CXSTM8_32K\Lib\libm0.sm8)ltor.o ***
c_ludv                              ********   *** removed from (C:\Program Files (x86)\COSMIC\CXSTM8_32K\Lib\libm0.sm8)ludiv.o ***
c_rtol                              ********   *** removed from (C:\Program Files (x86)\COSMIC\CXSTM8_32K\Lib\libm0.sm8)rtol.o ***
c_sdivx                             000093c0   defined in (C:\Program Files (x86)\COSMIC\CXSTM8_32K\Lib\libm0.sm8)sdivx.o section .text
                                               used in Debug\application.o
c_smodx                             000093ba   defined in (C:\Program Files (x86)\COSMIC\CXSTM8_32K\Lib\libm0.sm8)sdivx.o section .text
                                               *** not used ***
c_x                                 000000f6   defined in (C:\Program Files (x86)\COSMIC\CXSTM8_32K\Lib\libm0.sm8)xreg.o section .ubsct
                                               used in C:\Program Files (x86)\COSMIC\CXSTM8_32K\Lib\crtsi0.sm8
                                                       Debug\stm8s_it.o
                                                       (C:\Program Files (x86)\COSMIC\CXSTM8_32K\Lib\libm0.sm8)ldiv.o
                                                       (C:\Program Files (x86)\COSMIC\CXSTM8_32K\Lib\libm0.sm8)sdivx.o
c_y                                 000000f9   defined in (C:\Program Files (x86)\COSMIC\CXSTM8_32K\Lib\libm0.sm8)yreg.o section .ubsct
                                               used in C:\Program Files (x86)\COSMIC\CXSTM8_32K\Lib\crtsi0.sm8
                                                       Debug\stm8s_it.o
f_ADC2_IRQHandler                   000093ac   defined in Debug\stm8s_it.o section .text
                                               used in Debug\stm8_interrupt_vector.o
f_AWU_IRQHandler                    0000934f   defined in Debug\stm8s_it.o section .text
                                               used in Debug\stm8_interrupt_vector.o
f_CLK_IRQHandler                    00009350   defined in Debug\stm8s_it.o section .text
                                               used in Debug\stm8_interrupt_vector.o
f_EEPROM_EEC_IRQHandler             000093b9   defined in Debug\stm8s_it.o section .text
                                               used in Debug\stm8_interrupt_vector.o
f_EXTI_PORTA_IRQHandler             00009351   defined in Debug\stm8s_it.o section .text
                                               used in Debug\stm8_interrupt_vector.o
f_EXTI_PORTB_IRQHandler             00009352   defined in Debug\stm8s_it.o section .text
                                               used in Debug\stm8_interrupt_vector.o
f_EXTI_PORTC_IRQHandler             00009353   defined in Debug\stm8s_it.o section .text
                                               used in Debug\stm8_interrupt_vector.o
f_EXTI_PORTD_IRQHandler             00009354   defined in Debug\stm8s_it.o section .text
                                               used in Debug\stm8_interrupt_vector.o
f_EXTI_PORTE_IRQHandler             00009355   defined in Debug\stm8s_it.o section .text
                                               used in Debug\stm8_interrupt_vector.o
f_I2C_IRQHandler                    000093a9   defined in Debug\stm8s_it.o section .text
                                               used in Debug\stm8_interrupt_vector.o
f_NonHandledInterrupt               0000934c   defined in Debug\stm8s_it.o section .text
                                               used in Debug\stm8_interrupt_vector.o
f_SPI_IRQHandler                    00009356   defined in Debug\stm8s_it.o section .text
                                               used in Debug\stm8_interrupt_vector.o
f_TIM1_CAP_COM_IRQHandler           00009360   defined in Debug\stm8s_it.o section .text
                                               used in Debug\stm8_interrupt_vector.o
f_TIM1_UPD_OVF_TRG_BRK_IRQHandler   00009357   defined in Debug\stm8s_it.o section .text
                                               used in Debug\stm8_interrupt_vector.o
f_TIM2_CAP_COM_IRQHandler           0000938c   defined in Debug\stm8s_it.o section .text
                                               used in Debug\stm8_interrupt_vector.o
f_TIM2_UPD_OVF_BRK_IRQHandler       00009361   defined in Debug\stm8s_it.o section .text
                                               used in Debug\stm8_interrupt_vector.o
f_TIM3_CAP_COM_IRQHandler           000093a6   defined in Debug\stm8s_it.o section .text
                                               used in Debug\stm8_interrupt_vector.o
f_TIM3_UPD_OVF_BRK_IRQHandler       0000938d   defined in Debug\stm8s_it.o section .text
                                               used in Debug\stm8_interrupt_vector.o
f_TIM4_UPD_OVF_IRQHandler           000093ad   defined in Debug\stm8s_it.o section .text
                                               used in Debug\stm8_interrupt_vector.o
f_TLI_IRQHandler                    0000934e   defined in Debug\stm8s_it.o section .text
                                               used in Debug\stm8_interrupt_vector.o
f_TRAP_IRQHandler                   0000934d   defined in Debug\stm8s_it.o section .text
                                               used in Debug\stm8_interrupt_vector.o
f_UART1_RX_IRQHandler               000093a8   defined in Debug\stm8s_it.o section .text
                                               used in Debug\stm8_interrupt_vector.o
f_UART1_TX_IRQHandler               000093a7   defined in Debug\stm8s_it.o section .text
                                               used in Debug\stm8_interrupt_vector.o
f_UART3_RX_IRQHandler               000093ab   defined in Debug\stm8s_it.o section .text
                                               used in Debug\stm8_interrupt_vector.o
f_UART3_TX_IRQHandler               000093aa   defined in Debug\stm8s_it.o section .text
                                               used in Debug\stm8_interrupt_vector.o
